{"id":3,"title":"Some 3","content":"Some content 3","category":"Some category 3","created_at":"2025-09-04T04:08:12.000000Z","updated_at":"2025-09-04T04:08:12.000000Z"}