{"id":5,"title":"Some 5","content":"Some content 5","category":"Some category 5","created_at":"2025-09-04T04:08:12.000000Z","updated_at":"2025-09-04T04:08:12.000000Z"}