1;Some 1;Some content 1;Some category 1;2025-09-04T04:08:12.000000Z;2025-09-04T04:08:12.000000Z
2;Some 2;Some content 2;Some category 2;2025-09-04T04:08:12.000000Z;2025-09-04T04:08:12.000000Z
3;Some 3;Some content 3;Some category 3;2025-09-04T04:08:12.000000Z;2025-09-04T04:08:12.000000Z