<?php

declare(strict_types=1);

namespace App\Feeds\Info;

use DragonCode\LaravelFeed\Feeds\Info\FeedInfo;

class QweRtyFeedInfo extends FeedInfo
{
    public function toArray(): array
    {
        return [
            //
        ];
    }
}
