<?xml version="1.0" encoding="UTF-8"?>
<users>
<user id="1"><name>John Doe</name><email>john.doe@example.com</email><header><![CDATA[<h1>John Doe</h1>]]></header><names><Good_guy my-key-1="my value 1" my-key-2="my value 2"><name>Luke Skywalker</name><weapon>Lightsaber</weapon></Good_guy><Bad_guy><name><![CDATA[<h1>Sauron</h1>]]></name><weapon>Evil Eye</weapon></Bad_guy></names></user>
<user id="2"><name>John Doe</name><email>john.doe@example.com</email><header><![CDATA[<h1>John Doe</h1>]]></header><names><Good_guy my-key-1="my value 1" my-key-2="my value 2"><name>Luke Skywalker</name><weapon>Lightsaber</weapon></Good_guy><Bad_guy><name><![CDATA[<h1>Sauron</h1>]]></name><weapon>Evil Eye</weapon></Bad_guy></names></user>
<user id="3"><name>John Doe</name><email>john.doe@example.com</email><header><![CDATA[<h1>John Doe</h1>]]></header><names><Good_guy my-key-1="my value 1" my-key-2="my value 2"><name>Luke Skywalker</name><weapon>Lightsaber</weapon></Good_guy><Bad_guy><name><![CDATA[<h1>Sauron</h1>]]></name><weapon>Evil Eye</weapon></Bad_guy></names></user>
</users>
