{"id":1,"title":"Some 1","content":"Some content 1","category":"Some category 1","created_at":"2025-09-04T04:08:12.000000Z","updated_at":"2025-09-04T04:08:12.000000Z"}