3;Some 3;Some content 3;Some category 3;2025-09-04T04:08:12.000000Z;2025-09-04T04:08:12.000000Z